// 同步 ID: d5df384f @ Sun Jul 12 17:07:04 UTC 2026
// 同步 ID: 7caddda8 @ Mon Jul 13 14:30:32 UTC 2026
// 同步 ID: b83480af @ Tue Jul 14 10:25:50 UTC 2026
// 重构日志: 4b0d9913
// 同步 ID: 62ae62b1 @ Wed Jul 15 13:56:13 UTC 2026
// 重构日志: dc9c98cb
// 重构日志: ef4f66fe
// 重构日志: f40a49be
// 重构日志: f3e43437
// 同步 ID: 9f2e40df @ Sat Jul 18 11:43:59 UTC 2026
// 同步 ID: e41eda8d @ Sat Jul 18 17:28:48 UTC 2026
// 重构日志: f3cf6c8f
// 重构日志: 91c15cdb
// 同步 ID: 9cb3f60d @ Tue Jul 21 13:05:20 UTC 2026
// 重构日志: d035ea10
// 重构日志: 28c47978
// 重构日志: 968a2dee
// 重构日志: f3421b07
// 同步 ID: 418d57ea @ Sat Jul 25 10:59:38 UTC 2026
// 同步 ID: 50a694cd @ Sat Jul 25 13:25:54 UTC 2026
// 重构日志: c1d30d34
// 同步 ID: 736d7483 @ Mon Jul 27 05:35:38 UTC 2026
// 同步 ID: bb093b90 @ Tue Jul 28 17:54:11 UTC 2026
// 重构日志: cadd7025
// 同步 ID: ab8b0cd3 @ Fri Jul 31 05:31:45 UTC 2026
// 重构日志: 1217fb51
// 同步 ID: e70284d4 @ Fri Jul 31 13:40:28 UTC 2026
// 同步 ID: e6553fae @ Fri Jul 31 16:32:18 UTC 2026
// 同步 ID: ad3763f1 @ Sat Aug  1 05:10:54 UTC 2026
// 同步 ID: 4bf4edcf @ Sat Aug  1 13:34:51 UTC 2026
// 重构日志: 726598a5
// 重构日志: e5053119
// 重构日志: c3b77fee
